ERC report (2026-07-05T13:45:31+0800, Encoding UTF8)
Report includes: Errors, Warnings

***** Sheet /
[endpoint_off_grid]: Symbol pin or wire end off connection grid
    ; warning
    @(12.38 mm, 23.73 mm): Symbol J1 Pin 1 [1, Passive, Line]
[endpoint_off_grid]: Symbol pin or wire end off connection grid
    ; warning
    @(12.38 mm, 43.73 mm): Symbol J2 Pin 1 [1, Passive, Line]
[endpoint_off_grid]: Symbol pin or wire end off connection grid
    ; warning
    @(47.38 mm, 11.19 mm): Symbol SW1 Pin 1 [1, Passive, Line]
[endpoint_off_grid]: Symbol pin or wire end off connection grid
    ; warning
    @(42.30 mm, 34.38 mm): Symbol U1 Pin 1 [RO, Output, Line]
[lib_symbol_mismatch]: Symbol 'MAX485_DT80' doesn't match copy in library 'DT80Custom'
    ; warning
    @(55.00 mm, 42.00 mm): Symbol U1 [MAX485_DT80]
[endpoint_off_grid]: Symbol pin or wire end off connection grid
    ; warning
    @(70.00 mm, 6.19 mm): Symbol R5 Pin 1 [Passive, Line]
[lib_symbol_mismatch]: Symbol 'R' doesn't match copy in library 'Device'
    ; warning
    @(70.00 mm, 10.00 mm): Symbol R5 [R]
[endpoint_off_grid]: Symbol pin or wire end off connection grid
    ; warning
    @(70.00 mm, 11.19 mm): Symbol R6 Pin 1 [Passive, Line]
[lib_symbol_mismatch]: Symbol 'R' doesn't match copy in library 'Device'
    ; warning
    @(70.00 mm, 15.00 mm): Symbol R6 [R]
[endpoint_off_grid]: Symbol pin or wire end off connection grid
    ; warning
    @(70.00 mm, 16.19 mm): Symbol R7 Pin 1 [Passive, Line]
[lib_symbol_mismatch]: Symbol 'R' doesn't match copy in library 'Device'
    ; warning
    @(70.00 mm, 20.00 mm): Symbol R7 [R]
[endpoint_off_grid]: Symbol pin or wire end off connection grid
    ; warning
    @(70.00 mm, 21.19 mm): Symbol R8 Pin 1 [Passive, Line]
[lib_symbol_mismatch]: Symbol 'R' doesn't match copy in library 'Device'
    ; warning
    @(70.00 mm, 25.00 mm): Symbol R8 [R]
[endpoint_off_grid]: Symbol pin or wire end off connection grid
    ; warning
    @(77.30 mm, 14.60 mm): Symbol U2 Pin 1 [GND, Power input, Line]
[endpoint_off_grid]: Symbol pin or wire end off connection grid
    ; warning
    @(30.00 mm, 80.00 mm): Symbol #FLG01 Pin 1 [Power output, Line]
[endpoint_off_grid]: Symbol pin or wire end off connection grid
    ; warning
    @(40.00 mm, 80.00 mm): Symbol #FLG02 Pin 1 [Power output, Line]
[endpoint_off_grid]: Symbol pin or wire end off connection grid
    ; warning
    @(60.00 mm, 80.00 mm): Symbol #FLG04 Pin 1 [Power output, Line]
[endpoint_off_grid]: Symbol pin or wire end off connection grid
    ; warning
    @(35.00 mm, 96.19 mm): Symbol C1 Pin 1 [Passive, Line]
[endpoint_off_grid]: Symbol pin or wire end off connection grid
    ; warning
    @(67.70 mm, 79.92 mm): Symbol U5 Pin 1 [BOOT, Passive, Line]
[lib_symbol_mismatch]: Symbol 'C' doesn't match copy in library 'Device'
    ; warning
    @(35.00 mm, 100.00 mm): Symbol C1 [C]
[endpoint_off_grid]: Symbol pin or wire end off connection grid
    ; warning
    @(110.00 mm, 11.19 mm): Symbol R3 Pin 1 [Passive, Line]
[endpoint_off_grid]: Symbol pin or wire end off connection grid
    ; warning
    @(55.00 mm, 96.19 mm): Symbol C2 Pin 1 [Passive, Line]
[lib_symbol_mismatch]: Symbol 'R' doesn't match copy in library 'Device'
    ; warning
    @(110.00 mm, 15.00 mm): Symbol R3 [R]
[endpoint_off_grid]: Symbol pin or wire end off connection grid
    ; warning
    @(110.00 mm, 16.19 mm): Symbol R4 Pin 1 [Passive, Line]
[lib_symbol_mismatch]: Symbol 'R' doesn't match copy in library 'Device'
    ; warning
    @(110.00 mm, 20.00 mm): Symbol R4 [R]
[lib_symbol_mismatch]: Symbol 'C' doesn't match copy in library 'Device'
    ; warning
    @(55.00 mm, 100.00 mm): Symbol C2 [C]
[endpoint_off_grid]: Symbol pin or wire end off connection grid
    ; warning
    @(79.84 mm, 85.00 mm): Symbol U6 Pin 1 [GND, Power input, Line]
[endpoint_off_grid]: Symbol pin or wire end off connection grid
    ; warning
    @(117.30 mm, 14.84 mm): Symbol U3 Pin 1 [ADDR, Input, Line]
[endpoint_off_grid]: Symbol pin or wire end off connection grid
    ; warning
    @(117.30 mm, 19.92 mm): Wire, length 12.277 mm
[endpoint_off_grid]: Symbol pin or wire end off connection grid
    ; warning
    @(75.00 mm, 96.19 mm): Symbol C3 Pin 1 [Passive, Line]
[lib_symbol_mismatch]: Symbol 'C' doesn't match copy in library 'Device'
    ; warning
    @(75.00 mm, 100.00 mm): Symbol C3 [C]
[endpoint_off_grid]: Symbol pin or wire end off connection grid
    ; warning
    @(117.30 mm, 47.22 mm): Symbol U4 Pin 1 [1B, Input, Line]
[endpoint_off_grid]: Symbol pin or wire end off connection grid
    ; warning
    @(119.84 mm, 87.46 mm): Symbol Q1 Pin 1 [A, Passive, Line]
[endpoint_off_grid]: Symbol pin or wire end off connection grid
    ; warning
    @(112.38 mm, 108.19 mm): Symbol J17 Pin 1 [1, Passive, Line]
[endpoint_off_grid]: Symbol pin or wire end off connection grid
    ; warning
    @(119.84 mm, 102.46 mm): Symbol Q2 Pin 1 [A, Passive, Line]
[endpoint_off_grid]: Symbol pin or wire end off connection grid
    ; warning
    @(162.38 mm, 8.73 mm): Symbol J3 Pin 1 [1, Passive, Line]
[endpoint_off_grid]: Symbol pin or wire end off connection grid
    ; warning
    @(162.38 mm, 18.73 mm): Symbol J4 Pin 1 [1, Passive, Line]
[endpoint_off_grid]: Symbol pin or wire end off connection grid
    ; warning
    @(162.38 mm, 28.73 mm): Symbol J5 Pin 1 [1, Passive, Line]
[endpoint_off_grid]: Symbol pin or wire end off connection grid
    ; warning
    @(162.38 mm, 38.73 mm): Symbol J6 Pin 1 [1, Passive, Line]
[endpoint_off_grid]: Symbol pin or wire end off connection grid
    ; warning
    @(125.00 mm, 116.19 mm): Symbol C4 Pin 1 [Passive, Line]
[endpoint_off_grid]: Symbol pin or wire end off connection grid
    ; warning
    @(162.38 mm, 58.73 mm): Symbol J7 Pin 1 [1, Passive, Line]
[lib_symbol_mismatch]: Symbol 'C' doesn't match copy in library 'Device'
    ; warning
    @(125.00 mm, 120.00 mm): Symbol C4 [C]
[endpoint_off_grid]: Symbol pin or wire end off connection grid
    ; warning
    @(150.00 mm, 88.19 mm): Symbol R1 Pin 1 [Passive, Line]
[endpoint_off_grid]: Symbol pin or wire end off connection grid
    ; warning
    @(130.00 mm, 116.19 mm): Symbol C5 Pin 1 [Passive, Line]
[endpoint_off_grid]: Symbol pin or wire end off connection grid
    ; warning
    @(127.84 mm, 119.84 mm): Symbol U7 Pin 1 [VDD, Power input, Line]
[endpoint_off_grid]: Symbol pin or wire end off connection grid
    ; warning
    @(137.38 mm, 109.46 mm): Symbol J18 Pin 1 [1, Passive, Line]
[label_multiple_wires]: Label connects more than one wire at 1373800, 1094600
    ; warning
    @(137.38 mm, 109.46 mm): Label '+3V3'
    @(137.38 mm, 114.54 mm): Wire, length 9.937 mm
[lib_symbol_mismatch]: Symbol 'R' doesn't match copy in library 'Device'
    ; warning
    @(150.00 mm, 92.00 mm): Symbol R1 [R]
[lib_symbol_mismatch]: Symbol 'C' doesn't match copy in library 'Device'
    ; warning
    @(130.00 mm, 120.00 mm): Symbol C5 [C]
[label_multiple_wires]: Label connects more than one wire at 1373800, 1120000
    ; warning
    @(137.38 mm, 112.00 mm): Label 'ONEWIRE_DATA'
    @(137.38 mm, 114.54 mm): Wire, length 9.937 mm
[endpoint_off_grid]: Symbol pin or wire end off connection grid
    ; warning
    @(177.38 mm, 11.19 mm): Symbol J11 Pin 1 [1, Passive, Line]
[endpoint_off_grid]: Symbol pin or wire end off connection grid
    ; warning
    @(162.38 mm, 73.73 mm): Symbol J8 Pin 1 [1, Passive, Line]
[endpoint_off_grid]: Symbol pin or wire end off connection grid
    ; warning
    @(137.38 mm, 114.54 mm): Wire, length 9.937 mm
[endpoint_off_grid]: Symbol pin or wire end off connection grid
    ; warning
    @(137.38 mm, 114.54 mm): Wire, length 9.937 mm
[endpoint_off_grid]: Symbol pin or wire end off connection grid
    ; warning
    @(177.38 mm, 26.19 mm): Symbol J12 Pin 1 [1, Passive, Line]
[endpoint_off_grid]: Symbol pin or wire end off connection grid
    ; warning
    @(150.00 mm, 103.19 mm): Symbol R2 Pin 1 [Passive, Line]
[endpoint_off_grid]: Symbol pin or wire end off connection grid
    ; warning
    @(177.38 mm, 42.46 mm): Symbol J13 Pin 1 [1, Passive, Line]
[lib_symbol_mismatch]: Symbol 'R' doesn't match copy in library 'Device'
    ; warning
    @(150.00 mm, 107.00 mm): Symbol R2 [R]
[endpoint_off_grid]: Symbol pin or wire end off connection grid
    ; warning
    @(177.38 mm, 56.19 mm): Symbol J14 Pin 1 [1, Passive, Line]
[endpoint_off_grid]: Symbol pin or wire end off connection grid
    ; warning
    @(162.38 mm, 93.73 mm): Symbol J9 Pin 1 [1, Passive, Line]
[endpoint_off_grid]: Symbol pin or wire end off connection grid
    ; warning
    @(177.38 mm, 72.46 mm): Symbol J15 Pin 1 [1, Passive, Line]
[endpoint_off_grid]: Symbol pin or wire end off connection grid
    ; warning
    @(162.38 mm, 108.73 mm): Symbol J10 Pin 1 [1, Passive, Line]
[endpoint_off_grid]: Symbol pin or wire end off connection grid
    ; warning
    @(162.38 mm, 109.46 mm): Symbol J19 Pin 1 [1, Passive, Line]
[endpoint_off_grid]: Symbol pin or wire end off connection grid
    ; warning
    @(177.38 mm, 86.19 mm): Symbol J16 Pin 1 [1, Passive, Line]
[endpoint_off_grid]: Symbol pin or wire end off connection grid
    ; warning
    @(158.00 mm, 123.19 mm): Symbol R9 Pin 1 [Passive, Line]
[lib_symbol_mismatch]: Symbol 'R' doesn't match copy in library 'Device'
    ; warning
    @(158.00 mm, 127.00 mm): Symbol R9 [R]
[endpoint_off_grid]: Symbol pin or wire end off connection grid
    ; warning
    @(155.00 mm, 146.19 mm): Symbol R10 Pin 1 [Passive, Line]
[lib_symbol_mismatch]: Symbol 'R' doesn't match copy in library 'Device'
    ; warning
    @(155.00 mm, 150.00 mm): Symbol R10 [R]
[endpoint_off_grid]: Symbol pin or wire end off connection grid
    ; warning
    @(165.00 mm, 146.19 mm): Symbol R11 Pin 1 [Passive, Line]
[lib_symbol_mismatch]: Symbol 'R' doesn't match copy in library 'Device'
    ; warning
    @(165.00 mm, 150.00 mm): Symbol R11 [R]
[endpoint_off_grid]: Symbol pin or wire end off connection grid
    ; warning
    @(160.00 mm, 156.19 mm): Symbol R12 Pin 1 [Passive, Line]
[endpoint_off_grid]: Symbol pin or wire end off connection grid
    ; warning
    @(146.19 mm, 170.00 mm): Symbol D4 Pin 1 [A1, Passive, Line]
[lib_symbol_mismatch]: Symbol 'R' doesn't match copy in library 'Device'
    ; warning
    @(160.00 mm, 160.00 mm): Symbol R12 [R]
[endpoint_off_grid]: Symbol pin or wire end off connection grid
    ; warning
    @(175.00 mm, 146.19 mm): Wire, length 12.572 mm
[endpoint_off_grid]: Symbol pin or wire end off connection grid
    ; warning
    @(175.00 mm, 146.19 mm): Symbol C6 Pin 1 [Passive, Line]
[lib_symbol_mismatch]: Symbol 'C' doesn't match copy in library 'Device'
    ; warning
    @(175.00 mm, 150.00 mm): Symbol C6 [C]
[endpoint_off_grid]: Symbol pin or wire end off connection grid
    ; warning
    @(160.00 mm, 166.19 mm): Symbol R13 Pin 1 [Passive, Line]
[lib_symbol_mismatch]: Symbol 'R' doesn't match copy in library 'Device'
    ; warning
    @(160.00 mm, 170.00 mm): Symbol R13 [R]
[endpoint_off_grid]: Symbol pin or wire end off connection grid
    ; warning
    @(181.19 mm, 150.00 mm): Symbol D1 Pin 1 [A1, Passive, Line]
[endpoint_off_grid]: Symbol pin or wire end off connection grid
    ; warning
    @(170.00 mm, 166.19 mm): Symbol C7 Pin 1 [Passive, Line]
[endpoint_off_grid]: Symbol pin or wire end off connection grid
    ; warning
    @(176.19 mm, 160.00 mm): Symbol D3 Pin 1 [A1, Passive, Line]
[lib_symbol_mismatch]: Symbol 'C' doesn't match copy in library 'Device'
    ; warning
    @(170.00 mm, 170.00 mm): Symbol C7 [C]
[endpoint_off_grid]: Symbol pin or wire end off connection grid
    ; warning
    @(176.19 mm, 170.00 mm): Symbol D5 Pin 1 [A1, Passive, Line]

 ** ERC messages: 83  Errors 0  Warnings 83
