ERC report (2026-07-06T21:19:35+0800, Encoding UTF8)
Report includes: Errors, Warnings

***** Sheet /
[endpoint_off_grid]: Symbol pin or wire end off connection grid
    ; warning
    @(45.00 mm, 70.00 mm): Symbol #FLG01 Pin 1 [Power output, Line]
[lib_symbol_issues]: The current configuration does not include the symbol library 'power'
    ; warning
    @(45.00 mm, 70.00 mm): Symbol #FLG01 [PWR_FLAG]
[endpoint_off_grid]: Symbol pin or wire end off connection grid
    ; warning
    @(50.00 mm, 70.00 mm): Symbol #FLG02 Pin 1 [Power output, Line]
[lib_symbol_issues]: The current configuration does not include the symbol library 'power'
    ; warning
    @(50.00 mm, 70.00 mm): Symbol #FLG02 [PWR_FLAG]
[endpoint_off_grid]: Symbol pin or wire end off connection grid
    ; warning
    @(75.00 mm, 56.19 mm): Symbol C1 Pin 1 [Passive, Line]
[lib_symbol_issues]: The current configuration does not include the symbol library 'Device'
    ; warning
    @(75.00 mm, 60.00 mm): Symbol C1 [C]
[endpoint_off_grid]: Symbol pin or wire end off connection grid
    ; warning
    @(45.08 mm, 97.46 mm): Symbol J1 Pin 1 [Pin_1, Passive, Line]
[lib_symbol_issues]: The current configuration does not include the symbol library 'Connector'
    ; warning
    @(40.00 mm, 100.00 mm): Symbol J1 [Conn_01x04_Pin]
[endpoint_off_grid]: Symbol pin or wire end off connection grid
    ; warning
    @(70.00 mm, 82.62 mm): Symbol U4 Pin 1 [GND, Power input, Line]
[endpoint_off_grid]: Symbol pin or wire end off connection grid
    ; warning
    @(80.00 mm, 86.19 mm): Symbol C2 Pin 1 [Passive, Line]
[endpoint_off_grid]: Symbol pin or wire end off connection grid
    ; warning
    @(99.84 mm, 67.30 mm): Symbol U1 Pin 1 [PC14, Bidirectional, Line]
[lib_symbol_issues]: The current configuration does not include the symbol library 'Device'
    ; warning
    @(80.00 mm, 90.00 mm): Symbol C2 [C]
[endpoint_off_grid]: Symbol pin or wire end off connection grid
    ; warning
    @(118.00 mm, 56.19 mm): Symbol C3 Pin 1 [Passive, Line]
[lib_symbol_issues]: The current configuration does not include the symbol library 'Device'
    ; warning
    @(118.00 mm, 60.00 mm): Symbol C3 [C]
[endpoint_off_grid]: Symbol pin or wire end off connection grid
    ; warning
    @(75.08 mm, 114.92 mm): Symbol J2 Pin 1 [Pin_1, Passive, Line]
[lib_symbol_issues]: The current configuration does not include the symbol library 'Connector'
    ; warning
    @(70.00 mm, 120.00 mm): Symbol J2 [Conn_01x05_Pin]
[endpoint_off_grid]: Symbol pin or wire end off connection grid
    ; warning
    @(140.00 mm, 41.19 mm): Symbol R1 Pin 1 [Passive, Line]
[lib_symbol_issues]: The current configuration does not include the symbol library 'Device'
    ; warning
    @(140.00 mm, 45.00 mm): Symbol R1 [R]
[endpoint_off_grid]: Symbol pin or wire end off connection grid
    ; warning
    @(140.00 mm, 46.19 mm): Symbol R2 Pin 1 [Passive, Line]
[lib_symbol_issues]: The current configuration does not include the symbol library 'Device'
    ; warning
    @(140.00 mm, 50.00 mm): Symbol R2 [R]
[endpoint_off_grid]: Symbol pin or wire end off connection grid
    ; warning
    @(147.38 mm, 54.92 mm): Symbol U2 Pin 1 [SDA, Bidirectional, Line]
[endpoint_off_grid]: Symbol pin or wire end off connection grid
    ; warning
    @(155.00 mm, 71.19 mm): Symbol R5 Pin 1 [Passive, Line]
[endpoint_off_grid]: Symbol pin or wire end off connection grid
    ; warning
    @(165.00 mm, 46.19 mm): Symbol C4 Pin 1 [Passive, Line]
[lib_symbol_issues]: The current configuration does not include the symbol library 'Device'
    ; warning
    @(155.00 mm, 75.00 mm): Symbol R5 [R]
[lib_symbol_issues]: The current configuration does not include the symbol library 'Device'
    ; warning
    @(165.00 mm, 50.00 mm): Symbol C4 [C]
[endpoint_off_grid]: Symbol pin or wire end off connection grid
    ; warning
    @(130.00 mm, 114.19 mm): Symbol R6 Pin 1 [Passive, Line]
[endpoint_off_grid]: Symbol pin or wire end off connection grid
    ; warning
    @(147.38 mm, 94.92 mm): Symbol U3 Pin 1 [RO, Output, Line]
[lib_symbol_issues]: The current configuration does not include the symbol library 'Device'
    ; warning
    @(130.00 mm, 118.00 mm): Symbol R6 [R]
[endpoint_off_grid]: Symbol pin or wire end off connection grid
    ; warning
    @(140.00 mm, 108.19 mm): Symbol R4 Pin 1 [Passive, Line]
[lib_symbol_issues]: The current configuration does not include the symbol library 'Device'
    ; warning
    @(140.00 mm, 112.00 mm): Symbol R4 [R]
[endpoint_off_grid]: Symbol pin or wire end off connection grid
    ; warning
    @(165.00 mm, 71.19 mm): Symbol R7 Pin 1 [Passive, Line]
[lib_symbol_issues]: The current configuration does not include the symbol library 'Device'
    ; warning
    @(165.00 mm, 75.00 mm): Symbol R7 [R]
[endpoint_off_grid]: Symbol pin or wire end off connection grid
    ; warning
    @(141.19 mm, 118.00 mm): Symbol D1 Pin 1 [K, Passive, Line]
[endpoint_off_grid]: Symbol pin or wire end off connection grid
    ; warning
    @(165.00 mm, 86.19 mm): Symbol C5 Pin 1 [Passive, Line]
[lib_symbol_issues]: The current configuration does not include the symbol library 'Device'
    ; warning
    @(145.00 mm, 118.00 mm): Symbol D1 [LED]
[lib_symbol_issues]: The current configuration does not include the symbol library 'Device'
    ; warning
    @(165.00 mm, 90.00 mm): Symbol C5 [C]
[endpoint_off_grid]: Symbol pin or wire end off connection grid
    ; warning
    @(175.00 mm, 96.19 mm): Symbol R3 Pin 1 [Passive, Line]
[lib_symbol_issues]: The current configuration does not include the symbol library 'Device'
    ; warning
    @(175.00 mm, 100.00 mm): Symbol R3 [R]

 ** ERC messages: 38  Errors 0  Warnings 38
