** Drc report for HydroNode-v01.kicad_pcb **
** Created on 2026-07-05T02:06:08+0800 **
** Report includes: Errors, Warnings **

** Found 50 DRC violations **
[solder_mask_bridge]: Front solder mask aperture bridges items with different nets
    Rule: board setup solder mask min width; error
    @(40.4050 mm, 32.9050 mm): Track [GND] on F.Cu, length 1.0700 mm
    @(40.9050 mm, 33.7691 mm): Pad 4 [<no net>] of U2 on F.Cu
[solder_mask_bridge]: Front solder mask aperture bridges items with different nets
    Rule: board setup solder mask min width; error
    @(40.4050 mm, 32.9050 mm): Track [GND] on F.Cu, length 1.0700 mm
    @(40.9050 mm, 33.7691 mm): Pad 4 [<no net>] of U2 on F.Cu
[tracks_crossing]: Tracks crossing
    Local override; error
    @(30.3000 mm, 39.0000 mm): Track [+5V] on F.Cu, length 72.0000 mm
    @(69.1099 mm, 57.7554 mm): Track [EC_ADC_GPIO35] on F.Cu, length 56.8653 mm
[tracks_crossing]: Tracks crossing
    Local override; error
    @(30.3000 mm, 39.0000 mm): Track [+5V] on F.Cu, length 72.0000 mm
    @(34.5089 mm, 82.0000 mm): Track [TEMP_DS18B20_GPIO4] on F.Cu, length 22.5089 mm
[tracks_crossing]: Tracks crossing
    Local override; error
    @(44.8001 mm, 17.3635 mm): Track [+12V_IN] on F.Cu, length 13.0015 mm
    @(66.9300 mm, 26.0000 mm): Track [+5V] on F.Cu, length 25.4500 mm
[tracks_crossing]: Tracks crossing
    Local override; error
    @(41.4800 mm, 26.0000 mm): Track [+5V] on F.Cu, length 5.6400 mm
    @(41.4750 mm, 30.3650 mm): Track [+12V_IN] on F.Cu, length 3.3251 mm
[shorting_items]: Items shorting two nets (nets GND and )
    Local override; error
    @(40.4050 mm, 32.9050 mm): Track [GND] on F.Cu, length 1.0700 mm
    @(40.9050 mm, 33.7691 mm): Pad 4 [<no net>] of U2 on F.Cu
[shorting_items]: Items shorting two nets (nets GND and )
    Local override; error
    @(40.4050 mm, 32.9050 mm): Track [GND] on F.Cu, length 1.0700 mm
    @(40.9050 mm, 33.7691 mm): Pad 4 [<no net>] of U2 on F.Cu
[tracks_crossing]: Tracks crossing
    Local override; error
    @(30.3000 mm, 39.0000 mm): Track [+5V] on F.Cu, length 72.0000 mm
    @(16.7321 mm, 43.7321 mm): Track [+3V3] on F.Cu, length 37.8358 mm
[tracks_crossing]: Tracks crossing
    Local override; error
    @(30.3000 mm, 39.0000 mm): Track [+5V] on F.Cu, length 72.0000 mm
    @(33.1463 mm, 106.0000 mm): Track [LEVEL_GPIO27] on F.Cu, length 21.1463 mm
[clearance]: Clearance violation ( clearance 0.2000 mm; actual 0.1302 mm)
    Local override; error
    @(39.7000 mm, 32.2000 mm): Track [GND] on F.Cu, length 0.9970 mm
    @(40.9050 mm, 33.7691 mm): Pad 4 [<no net>] of U2 on F.Cu
[clearance]: Clearance violation ( clearance 0.2000 mm; actual 0.1630 mm)
    Local override; error
    @(40.9050 mm, 28.2309 mm): Pad 5 [GND] of U2 on F.Cu
    @(41.4800 mm, 26.0000 mm): Track [+5V] on F.Cu, length 5.6400 mm
[tracks_crossing]: Tracks crossing
    Local override; error
    @(30.3000 mm, 39.0000 mm): Track [+5V] on F.Cu, length 72.0000 mm
    @(13.2120 mm, 88.2120 mm): Track [+3V3] on F.Cu, length 23.4814 mm
[tracks_crossing]: Tracks crossing
    Local override; error
    @(30.3000 mm, 39.0000 mm): Track [+5V] on F.Cu, length 72.0000 mm
    @(13.2120 mm, 88.2120 mm): Track [+3V3] on F.Cu, length 23.4814 mm
[tracks_crossing]: Tracks crossing
    Local override; error
    @(30.3000 mm, 39.0000 mm): Track [+5V] on F.Cu, length 72.0000 mm
    @(33.1463 mm, 106.0000 mm): Track [LEVEL_GPIO27] on F.Cu, length 21.1463 mm
[silk_overlap]: Silkscreen overlap
    Rule: board setup constraints silk; warning
    @(6.8000 mm, 118.5000 mm): Segment of J9 on F.Silkscreen
    @(6.0000 mm, 119.0000 mm): Reference field of MH3
[silk_overlap]: Silkscreen overlap
    Rule: board setup constraints silk; warning
    @(6.7999 mm, 118.5000 mm): Segment of J9 on F.Silkscreen
    @(6.0000 mm, 119.0000 mm): Reference field of MH3
[silk_over_copper]: Silkscreen clipped by solder mask
    Local override; warning
    @(8.0000 mm, 4.0000 mm): PCB text 'HydroNode v0.1 - 12V DC ONLY - NO MAINS' on F.Silkscreen
[silk_over_copper]: Silkscreen clipped by solder mask
    Local override; warning
    @(6.0000 mm, 6.0000 mm): Reference field of MH1
[silk_over_copper]: Silkscreen clipped by solder mask
    Local override; warning
    @(144.0000 mm, 119.0000 mm): Reference field of MH4
[silk_over_copper]: Silkscreen clipped by solder mask
    Local override; warning
    @(29.7102 mm, 39.6095 mm): Arc of C5 on F.Silkscreen
[silk_over_copper]: Silkscreen clipped by solder mask
    Local override; warning
    @(29.7102 mm, 38.3900 mm): Arc of C5 on F.Silkscreen
[silk_over_copper]: Silkscreen clipped by solder mask
    Local override; warning
    @(32.2899 mm, 39.6099 mm): Arc of C5 on F.Silkscreen
[silk_over_copper]: Silkscreen clipped by solder mask
    Local override; warning
    @(32.2899 mm, 38.3905 mm): Arc of C5 on F.Silkscreen
[silk_over_copper]: Silkscreen clipped by solder mask
    Local override; warning
    @(6.7999 mm, 118.5000 mm): Segment of J9 on F.Silkscreen
[silk_over_copper]: Silkscreen clipped by solder mask
    Local override; warning
    @(6.8000 mm, 118.5000 mm): Segment of J9 on F.Silkscreen
[silk_over_copper]: Silkscreen clipped by solder mask
    Local override; warning
    @(8.1000 mm, 118.4998 mm): Segment of J9 on F.Silkscreen
[silk_over_copper]: Silkscreen clipped by solder mask
    Local override; warning
    @(8.1000 mm, 119.1497 mm): Segment of J9 on F.Silkscreen
[silk_over_copper]: Silkscreen clipped by solder mask
    Local override; warning
    @(9.0077 mm, 119.1497 mm): Segment of J9 on F.Silkscreen
[silk_over_copper]: Silkscreen clipped by solder mask
    Local override; warning
    @(144.0000 mm, 6.0000 mm): Reference field of MH2
[silk_over_copper]: Silkscreen clipped by solder mask
    Local override; warning
    @(88.7102 mm, 48.6095 mm): Arc of C4 on F.Silkscreen
[silk_over_copper]: Silkscreen clipped by solder mask
    Local override; warning
    @(88.7102 mm, 47.3900 mm): Arc of C4 on F.Silkscreen
[silk_over_copper]: Silkscreen clipped by solder mask
    Local override; warning
    @(91.2899 mm, 48.6099 mm): Arc of C4 on F.Silkscreen
[silk_over_copper]: Silkscreen clipped by solder mask
    Local override; warning
    @(91.2899 mm, 47.3905 mm): Arc of C4 on F.Silkscreen
[silk_over_copper]: Silkscreen clipped by solder mask
    Local override; warning
    @(6.0000 mm, 119.0000 mm): Reference field of MH3
[silk_over_copper]: Silkscreen clipped by solder mask
    Local override; warning
    @(55.7102 mm, 42.6095 mm): Arc of C6 on F.Silkscreen
[silk_over_copper]: Silkscreen clipped by solder mask
    Local override; warning
    @(55.7102 mm, 41.3900 mm): Arc of C6 on F.Silkscreen
[silk_over_copper]: Silkscreen clipped by solder mask
    Local override; warning
    @(58.2899 mm, 42.6099 mm): Arc of C6 on F.Silkscreen
[silk_over_copper]: Silkscreen clipped by solder mask
    Local override; warning
    @(58.2899 mm, 41.3905 mm): Arc of C6 on F.Silkscreen
[silk_over_copper]: Silkscreen clipped by solder mask
    Local override; warning
    @(92.7102 mm, 59.6095 mm): Arc of C7 on F.Silkscreen
[silk_over_copper]: Silkscreen clipped by solder mask
    Local override; warning
    @(92.7102 mm, 58.3900 mm): Arc of C7 on F.Silkscreen
[silk_over_copper]: Silkscreen clipped by solder mask
    Local override; warning
    @(95.2899 mm, 59.6099 mm): Arc of C7 on F.Silkscreen
[silk_over_copper]: Silkscreen clipped by solder mask
    Local override; warning
    @(95.2899 mm, 58.3905 mm): Arc of C7 on F.Silkscreen
[lib_footprint_issues]: Footprint 'MountingHole_3.2mm' not found in library 'MountingHole'.
    Local override; warning
    @(6.0000 mm, 6.0000 mm): Footprint MH1
[lib_footprint_issues]: Footprint 'MountingHole_3.2mm' not found in library 'MountingHole'.
    Local override; warning
    @(144.0000 mm, 119.0000 mm): Footprint MH4
[lib_footprint_issues]: Footprint 'MountingHole_3.2mm' not found in library 'MountingHole'.
    Local override; warning
    @(144.0000 mm, 6.0000 mm): Footprint MH2
[lib_footprint_issues]: Footprint 'MountingHole_3.2mm' not found in library 'MountingHole'.
    Local override; warning
    @(6.0000 mm, 119.0000 mm): Footprint MH3
[silk_edge_clearance]: Silkscreen clipped by board edge
    Rule: board setup constraints silk; warning
    @(0.0000 mm, 125.0000 mm): Segment on Edge.Cuts
    @(5.0000 mm, 23.0000 mm): PCB text 'ANALOG SENSORS' on F.Silkscreen
[track_dangling]: Track has unconnected end
    Local override; warning
    @(41.4800 mm, 26.0000 mm): Track [+5V] on F.Cu, length 5.6400 mm
[track_dangling]: Track has unconnected end
    Local override; warning
    @(39.7000 mm, 32.2000 mm): Track [GND] on F.Cu, length 0.9970 mm

** Found 3 unconnected pads **
[unconnected_items]: Missing connection between items
    Local override; error
    @(38.3650 mm, 28.2309 mm): Pad 7 [+12V_IN] of U2 on F.Cu
    @(41.4750 mm, 30.3650 mm): Track [+12V_IN] on F.Cu, length 3.3251 mm
[unconnected_items]: Missing connection between items
    Local override; error
    @(39.5001 mm, 31.5001 mm): PTH pad 9 [GND] of U2
    @(39.7000 mm, 32.2000 mm): Track [GND] on F.Cu, length 0.9970 mm
[unconnected_items]: Missing connection between items
    Local override; error
    @(40.9050 mm, 28.2309 mm): Pad 5 [GND] of U2 on F.Cu
    @(39.5001 mm, 30.5001 mm): PTH pad 9 [GND] of U2

** Found 0 Footprint errors **

** End of Report **
